# 📊 任务执行结果

## 🤖 执行流程
| 智能体 | 状态 | 模型 |
|--------|------|------|
| Knowledge Agent | ✅ 完成 | qwen2.5 |
| Summary Agent | ✅ 完成 | qwen2.5 |
| Writer Agent | ✅ 完成 | phi4-mini |
| Review Agent | ✅ 完成 | phi4-mini |
| Judge Agent | ✅ 完成 | rule-based |
| Result Agent | ✅ 完成 | qwen2.5 |

## 📋 执行详情
- 复杂度评分: 0.20
- Review评分: 0.70
- 执行方式: local_output
- Cloud模式: none

## 💡 决策原因
- 任务简单
- 本地结果可接受

## 📝 质量评审详情
| 维度 | 评分 |
|------|------|
| 结构完整性 | 0.90 |
| 需求相关性 | 0.70 |
| 内容丰富度 | 0.60 |
| 专业性 | 0.60 |
| 可执行性 | 0.70 |

### 💡 修改建议
- 内容质量良好，建议检查是否有遗漏细节

---

## 📝 最终输出

# 人工智能概述

## 一、任务概述
人工智能（AI）是一个广泛而深刻的话题。本文旨在提供对人类知识和理解中的“智能”这一概念的一般介绍，包括其定义、类型及实际应用。

## 二、核心需求
对于本项目的主要要求如下：

1. **准确性**：确保所提供的信息准确且符合当前科学界关于人工智能的共识。
2. **全面性**：涵盖人工智能领域内各个方面，给出一个全方位的理解。
3. **可操作性**：内容需实用，可以作为教学材料或参考资料使用。

## 三、解决方案
为了有效地满足上述需求，本项目将按照以下步骤进行：

1. 从历史发展角度介绍人工智能概念。
2. 解释不同类型的人工智能，包括弱和强人工智能。
3. 概述当前的关键技术，如机器学习算法及其应用场景。
4. 分享一些实际案例，说明人类社会中人工智能在现实中的应用。

## 四、实施计划
详细分步骤实施方案如下：

1. **历史发展**：
   - 介绍第一代人工智能（1950年代-1960年代）。
   - 探讨第二代人工智能（1980年代-1990年代）的进展。
   - 阐述第三代人工智能（从2000年代起）如何随着技术的不断提升而演变。

2. **人类智能分类**：
    - 强人工智能：可以完成与ature tasks demanding intellectual engagement, logical reasoning, creativity.
    - 认知人工智能：模仿人类大脑功能，执行诸如理解自然语言、推理等任务。
    - 弱人工智能（Weak AI）：专注于解决特定问题，并不具备全面的智能能力。

3. **关键技术和算法**：
   - 深度学习
     ```
     import tensorflow as tf
     
     model = tf.keras.models.Sequential([
         tf.keras.layers.Flatten(input_shape=(28, 28)),
         tf.keras.layers.Dense(128, activation='relu'),
         tf.keras.layers.Dropout(0.2),
         tf.keras.layers.Dense(10)
     ])
     ```

4. **实际案例与应用**：
    - 自然语言处理（NLP）：例如，谷歌翻译、微软的DALL-E。
    - 决策支持系统：如IBM Watson在医疗和法律领域的应用。

## 结论
以上内容概括了人类智能及其分类、关键技术发展历程以及实际案例。这份方案文档应能为读者提供一个全面而深入的人脑理解，促进人工智能领域内知识的传播与深化。

================================================================================
## [Workflow] 复杂度评估与建议
================================================================================

### [Analysis] 复杂度分析
| 指标 | 数值 |
|------|------|
| 复杂度评分 | 0.20 |
| Review评分 | 0.70 |
| 执行方式 | local_output |
| Cloud模式 | none |
| 是否本地 | 是 |

### [Level] 复杂度等级
```
复杂度等级: 低 (***)
------------------------
评估:    任务简单，适合本地处理
建议:    可直接使用本地模型回答，响应速度快且成本低
```
### [Path] 工作流路径
`用户输入 → Knowledge → Summary → Writer → Review → Judge → [直接输出]`

**导出格式**: Markdown | **生成时间**: 2026-05-15 12:33:21
